###############################################################################
#
# IAR ELF Linker V9.40.1.364/W64 for ARM                  02/Jun/2025  19:31:17
# Copyright 2007-2023 IAR Systems AB.
#
#    Output file  =  D:\Software\IAR_Quantum_Project_Emb\Lesson-14\dbg\c.out
#    Map file     =  D:\Software\IAR_Quantum_Project_Emb\Lesson-14\dbg\c.map
#    Command line =
#        -f D:\Software\IAR_Quantum_Project_Emb\Lesson-14\dbg\c.out.rsp
#        (D:\Software\IAR_Quantum_Project_Emb\Lesson-14\dbg\delay.o
#        D:\Software\IAR_Quantum_Project_Emb\Lesson-14\dbg\main.o
#        D:\Software\IAR_Quantum_Project_Emb\Lesson-14\dbg\startup_tm4c.o
#        --no_out_extension -o
#        D:\Software\IAR_Quantum_Project_Emb\Lesson-14\dbg\c.out --redirect
#        _Printf=_PrintfFullNoMb --redirect _Scanf=_ScanfFullNoMb --map
#        D:\Software\IAR_Quantum_Project_Emb\Lesson-14\dbg\c.map --config
#        D:\Software\IAR_Quantum_Project_Emb\Lesson-14\project.icf --entry
#        __iar_program_start "C:\Program Files\IAR Systems\Embedded Workbench
#        9.2\arm\CMSIS\Lib\IAR\iar_cortexM4lf_math.a" --vfe --text_out locale
#        --cpu=Cortex-M4 --fpu=VFPv4_sp) --dependencies=n
#        D:\Software\IAR_Quantum_Project_Emb\Lesson-14\dbg\c.out.iar_deps
#
###############################################################################

*******************************************************************************
*** RUNTIME MODEL ATTRIBUTES
***

CppFlavor       = *
__CPP_Runtime   = 1
__SystemLibrary = DLib
__dlib_version  = 6


*******************************************************************************
*** HEAP SELECTION
***

The basic heap was selected because no calls to memory allocation
functions were found in the application outside of system library
functions, there are calls to deallocation functions in the
application, and the application appears to be primarily
optimized for speed.


*******************************************************************************
*** PLACEMENT SUMMARY
***

"A0":  place at address 0x0 { ro section .intvec };
"P1":  place in [from 0x0 to 0x3'ffff] { ro };
define block CSTACK with size = 1'000, alignment = 8 { };
define block HEAP with size = 0, alignment = 8 { };
"P2":  place in [from 0x2000'0000 to 0x2000'7fff] {
          rw, block CSTACK, block HEAP };
initialize by copy { rw };

  Section            Kind         Address   Size  Object
  -------            ----         -------   ----  ------
"A0":                                        0x8
  .intvec            const            0x0    0x8  startup_tm4c.o [1]
                                    - 0x8    0x8

"P1":                                      0x1b2
  .text              ro code          0x8   0x98  main.o [1]
  .text              ro code         0xa0   0x14  delay.o [1]
  .text              ro code         0xb4   0x3a  packbits_init_single.o [4]
  .text              ro code         0xf0   0x28  data_init.o [4]
  .text              ro code        0x118   0x22  fpinit_M.o [3]
  .iar.init_table    const          0x13c   0x10  - Linker created -
  .text              ro code        0x14c   0x1e  cmain.o [4]
  .text              ro code        0x16a    0x4  low_level_init.o [2]
  .text              ro code        0x16e    0x4  exit.o [2]
  .text              ro code        0x174    0xa  cexit.o [4]
  .text              ro code        0x180    0xc  XXexit.o [4]
  .text              ro code        0x18c   0x1c  cstartup_M.o [4]
  .rodata            const          0x1a8    0x0  packbits_init_single.o [4]
  Initializer bytes  const          0x1a8   0x12  <for P2-1>
                                  - 0x1ba  0x1b2

"P2":                                       0x24
  P2-1                        0x2000'0000   0x24  <Init block>
    .data            inited   0x2000'0000   0x24  main.o [1]
                            - 0x2000'0024   0x24

Unused ranges:

         From           To      Size
         ----           --      ----
        0x1ba     0x3'ffff  0x3'fe46
  0x2000'0024  0x2000'7fff    0x7fdc


*******************************************************************************
*** INIT TABLE
***

          Address      Size
          -------      ----
Copy/packbits (__iar_packbits_init_single3)
    1 source range, total size 0x12 (50% of destination):
                0x1a8  0x12
    1 destination range, total size 0x24:
          0x2000'0000  0x24



*******************************************************************************
*** MODULE SUMMARY
***

    Module                  ro code  ro data  rw data
    ------                  -------  -------  -------
command line/config:
    -------------------------------------------------
    Total:

D:\Software\IAR_Quantum_Project_Emb\Lesson-14\dbg: [1]
    delay.o                      20
    main.o                      152       18       36
    startup_tm4c.o                         8
    -------------------------------------------------
    Total:                      172       26       36

dl7M_tln.a: [2]
    exit.o                        4
    low_level_init.o              4
    -------------------------------------------------
    Total:                        8

m7M_tls.a: [3]
    fpinit_M.o                   34
    -------------------------------------------------
    Total:                       34

rt7M_tl.a: [4]
    XXexit.o                     12
    cexit.o                      10
    cmain.o                      30
    cstartup_M.o                 28
    data_init.o                  40
    packbits_init_single.o       58
    -------------------------------------------------
    Total:                      178

    Gaps                          6        2
    Linker created                        16
-----------------------------------------------------
    Grand Total:                398       44       36


*******************************************************************************
*** ENTRY LIST
***

Entry                       Address  Size  Type      Object
-----                       -------  ----  ----      ------
.iar.init_table$$Base         0x13c         --   Gb  - Linker created -
.iar.init_table$$Limit        0x14c         --   Gb  - Linker created -
?main                         0x14d        Code  Gb  cmain.o [4]
Region$$Table$$Base           0x13c         --   Gb  - Linker created -
Region$$Table$$Limit          0x14c         --   Gb  - Linker created -
__cmain                       0x14d        Code  Gb  cmain.o [4]
__exit                        0x181        Code  Gb  XXexit.o [4]
__iar_data_init3               0xf1  0x28  Code  Gb  data_init.o [4]
__iar_init_vfp                0x119        Code  Gb  fpinit_M.o [3]
__iar_packbits_init_single3
                               0xb5  0x3a  Code  Gb  packbits_init_single.o [4]
__iar_program_start           0x18d        Code  Gb  cstartup_M.o [4]
__low_level_init              0x16b   0x4  Code  Gb  low_level_init.o [2]
__vector_table                  0x0   0x8  Data  Gb  startup_tm4c.o [1]
_call_main                    0x159        Code  Gb  cmain.o [4]
_exit                         0x175        Code  Gb  cexit.o [4]
delay                          0xa1  0x14  Code  Gb  delay.o [1]
exit                          0x16f   0x4  Code  Gb  exit.o [2]
main                            0x9  0x98  Code  Gb  main.o [1]
p1                      0x2000'0000   0x4  Data  Gb  main.o [1]
p2                      0x2000'0004   0x4  Data  Gb  main.o [1]
t                       0x2000'0018   0xc  Data  Gb  main.o [1]
w                       0x2000'0008   0x8  Data  Gb  main.o [1]
w2                      0x2000'0010   0x8  Data  Gb  main.o [1]


[1] = D:\Software\IAR_Quantum_Project_Emb\Lesson-14\dbg
[2] = dl7M_tln.a
[3] = m7M_tls.a
[4] = rt7M_tl.a

  398 bytes of readonly  code memory
   44 bytes of readonly  data memory
   36 bytes of readwrite data memory

Errors: none
Warnings: none
