###############################################################################
#
# IAR ELF Linker V9.40.1.364/W64 for ARM                  13/May/2025  12:49:36
# Copyright 2007-2023 IAR Systems AB.
#
#    Output file  =  D:\Software\IAR_Quantum_Project_Emb\Lesson-13\dbg\c.out
#    Map file     =  D:\Software\IAR_Quantum_Project_Emb\Lesson-13\dbg\c.map
#    Command line =
#        -f D:\Software\IAR_Quantum_Project_Emb\Lesson-13\dbg\c.out.rsp
#        (D:\Software\IAR_Quantum_Project_Emb\Lesson-13\dbg\delay.o
#        D:\Software\IAR_Quantum_Project_Emb\Lesson-13\dbg\main.o
#        --no_out_extension -o
#        D:\Software\IAR_Quantum_Project_Emb\Lesson-13\dbg\c.out --redirect
#        _Printf=_PrintfFullNoMb --redirect _Scanf=_ScanfFullNoMb --map
#        D:\Software\IAR_Quantum_Project_Emb\Lesson-13\dbg\c.map --config
#        "C:\Program Files\IAR Systems\Embedded Workbench
#        9.2\arm\config\generic_cortex.icf" --entry __iar_program_start
#        "C:\Program Files\IAR Systems\Embedded Workbench
#        9.2\arm\CMSIS\Lib\IAR\iar_cortexM4lf_math.a" --vfe --text_out locale
#        --cpu=Cortex-M4 --fpu=VFPv4_sp) --dependencies=n
#        D:\Software\IAR_Quantum_Project_Emb\Lesson-13\dbg\c.out.iar_deps
#
###############################################################################

*******************************************************************************
*** RUNTIME MODEL ATTRIBUTES
***

CppFlavor       = *
__CPP_Runtime   = 1
__SystemLibrary = DLib
__dlib_version  = 6


*******************************************************************************
*** HEAP SELECTION
***

The basic heap was selected because no calls to memory allocation
functions were found in the application outside of system library
functions, there are calls to deallocation functions in the
application, and the application appears to be primarily
optimized for speed.


*******************************************************************************
*** PLACEMENT SUMMARY
***

"A0":  place at address 0x0 { ro section .intvec };
"P1":  place in [from 0x0 to 0x7'ffff] { ro };
define block CSTACK with size = 1K, alignment = 8 { };
define block PROC_STACK with size = 0, alignment = 8 { };
define block HEAP with size = 2K, alignment = 8 { };
"P2":  place in [from 0x2000'0000 to 0x2000'ffff] {
          rw, block CSTACK, block PROC_STACK, block HEAP };
initialize by copy { rw };

  Section            Kind         Address   Size  Object
  -------            ----         -------   ----  ------
"A0":                                       0x40
  .intvec            ro code          0x0   0x40  vector_table_M.o [4]
                                   - 0x40   0x40

"P1":                                      0x1b2
  .text              ro code         0x40   0x98  main.o [1]
  .text              ro code         0xd8   0x14  delay.o [1]
  .text              ro code         0xec   0x3a  packbits_init_single.o [4]
  .text              ro code        0x126    0x2  vectortrap_M.o [4]
  .text              ro code        0x128   0x28  data_init.o [4]
  .text              ro code        0x150   0x22  fpinit_M.o [3]
  .iar.init_table    const          0x174   0x10  - Linker created -
  .text              ro code        0x184   0x1e  cmain.o [4]
  .text              ro code        0x1a2    0x4  low_level_init.o [2]
  .text              ro code        0x1a6    0x4  exit.o [2]
  .text              ro code        0x1ac    0xa  cexit.o [4]
  .text              ro code        0x1b8    0xc  XXexit.o [4]
  .text              ro code        0x1c4   0x1c  cstartup_M.o [4]
  .rodata            const          0x1e0    0x0  packbits_init_single.o [4]
  Initializer bytes  const          0x1e0   0x12  <for P2-1>
                                  - 0x1f2  0x1b2

"P2", part 1 of 2:                          0x24
  P2-1                        0x2000'0000   0x24  <Init block>
    .data            inited   0x2000'0000   0x24  main.o [1]
                            - 0x2000'0024   0x24

"P2", part 2 of 2:                         0x400
  CSTACK                      0x2000'0028  0x400  <Block>
    CSTACK           uninit   0x2000'0028  0x400  <Block tail>
                            - 0x2000'0428  0x400

Unused ranges:

         From           To      Size
         ----           --      ----
        0x1f2     0x7'ffff  0x7'fe0e
  0x2000'0024  0x2000'0027       0x4
  0x2000'0428  0x2000'ffff    0xfbd8


*******************************************************************************
*** INIT TABLE
***

          Address      Size
          -------      ----
Copy/packbits (__iar_packbits_init_single3)
    1 source range, total size 0x12 (50% of destination):
                0x1e0  0x12
    1 destination range, total size 0x24:
          0x2000'0000  0x24



*******************************************************************************
*** MODULE SUMMARY
***

    Module                  ro code  ro data  rw data
    ------                  -------  -------  -------
command line/config:
    -------------------------------------------------
    Total:

D:\Software\IAR_Quantum_Project_Emb\Lesson-13\dbg: [1]
    delay.o                      20
    main.o                      152       18       36
    -------------------------------------------------
    Total:                      172       18       36

dl7M_tln.a: [2]
    exit.o                        4
    low_level_init.o              4
    -------------------------------------------------
    Total:                        8

m7M_tls.a: [3]
    fpinit_M.o                   34
    -------------------------------------------------
    Total:                       34

rt7M_tl.a: [4]
    XXexit.o                     12
    cexit.o                      10
    cmain.o                      30
    cstartup_M.o                 28
    data_init.o                  40
    packbits_init_single.o       58
    vector_table_M.o             64
    vectortrap_M.o                2
    -------------------------------------------------
    Total:                      244

    Gaps                          4        2
    Linker created                        16    1'024
-----------------------------------------------------
    Grand Total:                462       36    1'060


*******************************************************************************
*** ENTRY LIST
***

Entry                       Address  Size  Type      Object
-----                       -------  ----  ----      ------
.iar.init_table$$Base         0x174         --   Gb  - Linker created -
.iar.init_table$$Limit        0x184         --   Gb  - Linker created -
?main                         0x185        Code  Gb  cmain.o [4]
BusFault_Handler              0x127        Code  Wk  vectortrap_M.o [4]
CSTACK$$Base            0x2000'0028         --   Gb  - Linker created -
CSTACK$$Limit           0x2000'0428         --   Gb  - Linker created -
DebugMon_Handler              0x127        Code  Wk  vectortrap_M.o [4]
HardFault_Handler             0x127        Code  Wk  vectortrap_M.o [4]
MemManage_Handler             0x127        Code  Wk  vectortrap_M.o [4]
NMI_Handler                   0x127        Code  Wk  vectortrap_M.o [4]
PendSV_Handler                0x127        Code  Wk  vectortrap_M.o [4]
Region$$Table$$Base           0x174         --   Gb  - Linker created -
Region$$Table$$Limit          0x184         --   Gb  - Linker created -
SVC_Handler                   0x127        Code  Wk  vectortrap_M.o [4]
SysTick_Handler               0x127        Code  Wk  vectortrap_M.o [4]
UsageFault_Handler            0x127        Code  Wk  vectortrap_M.o [4]
__cmain                       0x185        Code  Gb  cmain.o [4]
__exit                        0x1b9        Code  Gb  XXexit.o [4]
__iar_data_init3              0x129  0x28  Code  Gb  data_init.o [4]
__iar_init_vfp                0x151        Code  Gb  fpinit_M.o [3]
__iar_packbits_init_single3
                               0xed  0x3a  Code  Gb  packbits_init_single.o [4]
__iar_program_start           0x1c5        Code  Gb  cstartup_M.o [4]
__low_level_init              0x1a3   0x4  Code  Gb  low_level_init.o [2]
__vector_table                  0x0        Data  Gb  vector_table_M.o [4]
_call_main                    0x191        Code  Gb  cmain.o [4]
_exit                         0x1ad        Code  Gb  cexit.o [4]
delay                          0xd9  0x14  Code  Gb  delay.o [1]
exit                          0x1a7   0x4  Code  Gb  exit.o [2]
main                           0x41  0x98  Code  Gb  main.o [1]
p1                      0x2000'0000   0x4  Data  Gb  main.o [1]
p2                      0x2000'0004   0x4  Data  Gb  main.o [1]
t                       0x2000'0018   0xc  Data  Gb  main.o [1]
w                       0x2000'0008   0x8  Data  Gb  main.o [1]
w2                      0x2000'0010   0x8  Data  Gb  main.o [1]


[1] = D:\Software\IAR_Quantum_Project_Emb\Lesson-13\dbg
[2] = dl7M_tln.a
[3] = m7M_tls.a
[4] = rt7M_tl.a

    462 bytes of readonly  code memory
     36 bytes of readonly  data memory
  1'060 bytes of readwrite data memory

Errors: none
Warnings: none
